Rankings: []
